#-----------------------------------------------------------
# Webtalk v2018.2.2 (64-bit)
# SW Build 2348494 on Mon Oct  1 18:25:39 MDT 2018
# IP Build 2318053 on Mon Oct  1 21:44:26 MDT 2018
# Start of session at: Tue Feb 12 14:08:12 2019
# Process ID: 11979
# Current directory: /home/jo/Documents/Hepia/Cours/LPSC/Mandelbrot/ips/vivado/axi4lite/2018.2/axi4lite.sim/sim_1/behav/xsim
# Command line: wbtcv -mode batch -source /home/jo/Documents/Hepia/Cours/LPSC/Mandelbrot/ips/vivado/axi4lite/2018.2/axi4lite.sim/sim_1/behav/xsim/xsim.dir/tb_axi4lite_if_behav/webtalk/xsim_webtalk.tcl -notrace
# Log file: /home/jo/Documents/Hepia/Cours/LPSC/Mandelbrot/ips/vivado/axi4lite/2018.2/axi4lite.sim/sim_1/behav/xsim/webtalk.log
# Journal file: /home/jo/Documents/Hepia/Cours/LPSC/Mandelbrot/ips/vivado/axi4lite/2018.2/axi4lite.sim/sim_1/behav/xsim/webtalk.jou
#-----------------------------------------------------------
source /home/jo/Documents/Hepia/Cours/LPSC/Mandelbrot/ips/vivado/axi4lite/2018.2/axi4lite.sim/sim_1/behav/xsim/xsim.dir/tb_axi4lite_if_behav/webtalk/xsim_webtalk.tcl -notrace
